WARNING: All log messages before absl::InitializeLog() is called are written to STDERR
I0000 00:00:1786901322.083561   16248 port.cc:153] oneDNN custom operations are on. You may see slightly different numerical results due to floating-point round-off errors from different computation orders. To turn them off, set the environment variable `TF_ENABLE_ONEDNN_OPTS=0`.
WARNING: All log messages before absl::InitializeLog() is called are written to STDERR
I0000 00:00:1786901325.206664   16248 port.cc:153] oneDNN custom operations are on. You may see slightly different numerical results due to floating-point round-off errors from different computation orders. To turn them off, set the environment variable `TF_ENABLE_ONEDNN_OPTS=0`.
INFO:     Started server process [15436]
INFO:     Waiting for application startup.
2026-08-16 22:58:45 [INFO] garbage_api.main: Initializing Garbage Classification REST API...
2026-08-16 22:58:45 [INFO] garbage_api.model: Loaded 10 classes from models\class_names.json
2026-08-16 22:58:45 [INFO] garbage_api.model: Loading Keras model from models\garbage_classifier.keras...
I0000 00:00:1786901326.007478   16248 cpu_feature_guard.cc:227] This TensorFlow binary is optimized to use available CPU instructions in performance-critical operations.
To enable the following instructions: SSE3 SSE4.1 SSE4.2 AVX AVX2 FMA, in other operations, rebuild TensorFlow with the appropriate compiler flags.
WARNING:tensorflow:TensorFlow GPU support is not available on native Windows for TensorFlow >= 2.11. Even if CUDA/cuDNN are installed, GPU will not be used. Please use WSL2 or the TensorFlow-DirectML plugin.
2026-08-16 22:58:47 [WARNING] tensorflow: TensorFlow GPU support is not available on native Windows for TensorFlow >= 2.11. Even if CUDA/cuDNN are installed, GPU will not be used. Please use WSL2 or the TensorFlow-DirectML plugin.
2026-08-16 22:58:47 [INFO] garbage_api.model: Keras model loaded successfully.
2026-08-16 22:58:47 [INFO] garbage_api.model: Model shape validated: (None, 10) matches 10 class names.
INFO:     Application startup complete.
ERROR:    [Errno 10048] error while attempting to bind on address ('0.0.0.0', 8000): [winerror 10048] only one usage of each socket address (protocol/network address/port) is normally permitted
INFO:     Waiting for application shutdown.
2026-08-16 22:58:47 [INFO] garbage_api.main: Shutting down Garbage Classification REST API.
INFO:     Application shutdown complete.
